../Core/Src/main.c:116:5:main	8	static
../Core/Src/main.c:176:6:SystemClock_Config	120	static
../Core/Src/main.c:237:13:MX_ETH_Init	8	static
../Core/Src/main.c:286:13:MX_TIM2_Init	64	static
../Core/Src/main.c:345:13:MX_USART3_UART_Init	8	static
../Core/Src/main.c:393:13:MX_USB_OTG_FS_PCD_Init	8	static
../Core/Src/main.c:429:13:MX_GPIO_Init	56	static
../Core/Src/main.c:503:6:Blink_Led	16	static
../Core/Src/main.c:511:6:Message	16	static
../Core/Src/main.c:522:6:Sensor	24	static
../Core/Src/main.c:533:6:sch	8	static
../Core/Src/main.c:595:6:Error_Handler	4	static,ignoring_inline_asm
